// Jest Snapshot v1, https://goo.gl/fbAQLP

exports[`Footer should render 1`] = `
<DocumentFragment>
  <div
    class="footer"
  >
    <p>
      Â©arifact.com 2019
    </p>
  </div>
</DocumentFragment>
`;
