// Jest Snapshot v1, https://goo.gl/fbAQLP

exports[`Clap should render 1`] = `
<DocumentFragment>
  <div
    class="clap"
  >
    <img
      class="icons"
      data-testid="clap-btn"
      src="clapping.svg"
      style="opacity: 0.35;"
    />
    <h>
       NaN 
    </h>
  </div>
</DocumentFragment>
`;
